X(ERRORCODE_EOF, "\n")
X(ERRORCODE_QUOTES, "Quotes doesn't match\n")
X(ERRORCODE_NO_ERROR, "All OK\n")
X(ERRORCODE_MEMORY_ALLOCATION_ERROR, "Memory error occured\n")
X(ERRORCODE_TOO_LONG_STRING, "Elemets must be under 80 symbols\n")
X(ERRORCODE_DONT_KNOW_COMMAND, "There is no such command, see <help> for more\n")
X(ERRORCODE_ALREADY_EXISTS, "Set with this name already exists\n")
X(ERRORCODE_WRONG_NUMBER_OF_ARGS, "This command takes another number of arguments, see <help> for more\n")
X(ERRORCODE_NO_SUCH_SET, "You're referring to set which doesn't exist\n")